---
source: crates/jekko-tui/tests/component_snapshots.rs
expression: out
---
"────────────────────────────────────────────────────────────────────────────────"
"[Ctrl+P] commands  [Ctrl+C] quit  [?] help                                      "
"                                                                                "
