---
source: crates/jekko-tui/tests/component_snapshots.rs
expression: out
---
"                                                                                                                        "
"                                                                                                                        "
"                                                                                                                        "
"                                                                                                                        "
"                                                                                                                        "
"                                                                                                                        "
"                                                                                                                        "
"                                                                                                                        "
"                                                                                                                        "
"                                                                                                                        "
"                                                                                                                        "
"                                                                                                                        "
"                                                                                                                        "
"                                                                                                                        "
"                                                                                                                        "
"                                                                                                                        "
"                                                                                                                        "
"                                                                                                                        "
"                                                                                                                        "
"                                                                                                                        "
"                                                                                ┌────────────────────────────────────┐  "
"                                                                                │▲ Token budget at 80%.              │  "
"                                                                                └────────────────────────────────────┘  "
"                                                                                ┌────────────────────────────────────┐  "
"                                                                                │✓ Session saved.                    │  "
"                                                                                └────────────────────────────────────┘  "
"                                                                                ┌────────────────────────────────────┐  "
"                                                                                │ⓘ Loaded workspace.                 │  "
"                                                                                └────────────────────────────────────┘  "
"                                                                                                                        "
