---
source: crates/jekko-tui/tests/component_snapshots.rs
expression: out
---
"                                                                                                                        "
"                                                                                                                        "
"                                                                                                                        "
"                                                                                                                        "
"                                                                                                                        "
"                                                                                                                        "
"                                                                                                                        "
"                                                                                                                        "
"                                                                                                                        "
"                               ──────────────────────────────────────────────────────────                               "
"                               ▀▀▀▀▀▀██▀▀  ██▀▀▀▀▀▀▀▀  ██    ▄▄▀▀  ██    ▄▄▀▀  ▄▄▀▀▀▀▀▀▄▄                               "
"                                     ██    ██▄▄▄▄▄▄    ██▄▄▀▀      ██▄▄▀▀      ██      ██                               "
"                               ▄▄    ██    ██          ██  ▀▀▄▄    ██  ▀▀▄▄    ██      ██                               "
"                                 ▀▀▀▀      ▀▀▀▀▀▀▀▀▀▀  ▀▀      ▀▀  ▀▀      ▀▀    ▀▀▀▀▀▀                                 "
"                                                      Hello jekko.                                                      "
"                                                         v1.0.3                                                         "
"                                                                                                                        "
"                                                                                                                        "
"                                                                                                                        "
"                                                                                                                        "
"                                                                                                                        "
"                                                                                                                        "
"                                                                                                                        "
"                                                                                                                        "
"                                                                                                                        "
"                                                                                                                        "
"                                                                                                                        "
"                                                                                                                        "
"────────────────────────────────────────────────────────────────────────────────────────────────────────────────────────"
"[Ctrl+P] commands  [Ctrl+C] quit                                                                                        "
