---
source: crates/jekko-tui/tests/component_snapshots.rs
expression: out
---
"           ──────────────────────────────────────────────────────────           "
"           ▀▀▀▀▀▀██▀▀  ██▀▀▀▀▀▀▀▀  ██    ▄▄▀▀  ██    ▄▄▀▀  ▄▄▀▀▀▀▀▀▄▄           "
"                 ██    ██▄▄▄▄▄▄    ██▄▄▀▀      ██▄▄▀▀      ██      ██           "
"           ▄▄    ██    ██          ██  ▀▀▄▄    ██  ▀▀▄▄    ██      ██           "
"             ▀▀▀▀      ▀▀▀▀▀▀▀▀▀▀  ▀▀      ▀▀  ▀▀      ▀▀    ▀▀▀▀▀▀             "
"                       ZYAL  safe autonomous coding ready                       "
"                                                                                "
"                                                                                "
