---
source: crates/jekko-tui/tests/component_snapshots.rs
expression: out
---
"────────────────────────────────────────────────────────────────────────────────"
"[Ctrl+P] commands  [Ctrl+X] leader  [Esc] interrupt  [Ctrl+C] quit              "
"                                                                                "
