---
source: crates/jekko-tui/tests/component_snapshots.rs
expression: out
---
"                                                                                                                        "
"                                                                                                                        "
"                                                                                                                        "
"                                                                                                                        "
"                                                                                                                        "
"                                                                                                                        "
"                            ╭──────────────────────────────────────────────────────────────╮                            "
"                            │  Commands                                                esc │                            "
"                            │Type to filter • ↑↓ navigate • ↵ run                          │                            "
"                            │──────────────────────────────────────────────────────────────│                            "
"                            │  > ses                                                       │                            "
"                            │  ──────────────────────────────────────────────────────────  │                            "
"                            │  ▸ New session                                               │                            "
"                            │    List sessions                                             │                            "
"                            │    Export session                                            │                            "
"                            │                                                              │                            "
"                            │                                                              │                            "
"                            │                                                              │                            "
"                            │                                                              │                            "
"                            │                                                              │                            "
"                            │                                                              │                            "
"                            │                                                              │                            "
"                            │                                                              │                            "
"                            ╰──────────────────────────────────────────────────────────────╯                            "
"                                                                                                                        "
"                                                                                                                        "
"                                                                                                                        "
"                                                                                                                        "
"                                                                                                                        "
"                                                                                                                        "
