---
source: crates/jekko-tui/tests/component_snapshots.rs
assertion_line: 66
expression: out
---
"                                                                                "
"                                                                                "
"░        .    ░             ░                    ░       ░   .   ░       ░      "
"            .   ◆                      ░  ░   .░  .    ░░      ░       ░        "
" ░     ░░░░░░░░░░░░░ ░░░░░░░░░░░░░ ░░░░    ░░░░ ░░░░ ░  .░░░ ░ ░░░░░░░░░        "
"      ░▓▓▓▓▓▓▓▓▓▓▓▓▓░▓▓▓▓▓▓▓▓▓▓▓▓▓░▓▓▓▓░  ░▓▓▓▓░▓▓▓▓░  ░░▓▓▓░░░▓▓▓▓▓▓▓▓▓░░      "
"  ░  ░▓▀▀▀▀▀▀▀▀▀▀▀▀▀▓█▀▀▀▀▀▀▀▀▀▀▀█▓▀▀▀█░░░▓█▀▀▀▓█▀▀█░ ░▓▓▀▀▀▓▓▓▀▀▀▀▀▀▀▀▀▓▓◆     "
"     ░▓████*██▀▀▀███▓█▀▀▀█████████▓▀▀▀█░▓▓▀▀▀██◆◆◆◆◆◆◆◆◆◆◆◆◆◆█▀▀▀█████▀▀▀█░     "
"                                                                                "
"                                                                                "
