---
source: crates/jekko-tui/tests/component_snapshots.rs
expression: out
---
"                                                                                "
"                                                                                "
"                                                                                "
"                                                                                "
"                                                                                "
"                                                                                "
"                                                                                "
"           ──────────────────────────────────────────────────────────           "
"           ▀▀▀▀▀▀██▀▀  ██▀▀▀▀▀▀▀▀  ██    ▄▄▀▀  ██    ▄▄▀▀  ▄▄▀▀▀▀▀▀▄▄           "
"                 ██    ██▄▄▄▄▄▄    ██▄▄▀▀      ██▄▄▀▀      ██      ██           "
"           ▄▄    ██    ██          ██  ▀▀▄▄    ██  ▀▀▄▄    ██      ██           "
"             ▀▀▀▀      ▀▀▀▀▀▀▀▀▀▀  ▀▀      ▀▀  ▀▀      ▀▀    ▀▀▀▀▀▀             "
"                 Code with an agent that lives in your terminal.                "
"                                     v1.0.3                                     "
"                                                                                "
"                                                                                "
"                                                                                "
"                                                                                "
"                                                                                "
"                                                                                "
"                                                                                "
"                                                                                "
"                                                                                "
"                                                                                "
