---
source: crates/jekko-tui/tests/component_snapshots.rs
expression: out
---
"                                                                                                    "
"                                                                                                    "
"                                                                                                    "
"                                                                                                    "
"                                                                                                    "
"                                                                                                    "
"                                                                                                    "
"                                                                                                    "
"                                                                                                    "
"                    ╭──────────────────────────────────────────────────────────╮                    "
"                    │  Theme                                               esc │                    "
"                    │↑↓ navigate • ↵ select • esc cancel                       │                    "
"                    │──────────────────────────────────────────────────────────│                    "
"                    │    Dark  default                                         │                    "
"                    │  ▸ Light                                                 │                    "
"                    │    Dracula  preset                                       │                    "
"                    │    Nord  preset                                          │                    "
"                    │  ──────────────────────────────────────────────────────  │                    "
"                    │  hover:                                                  │                    "
"                    │                                                          │                    "
"                    ╰──────────────────────────────────────────────────────────╯                    "
"                                                                                                    "
"                                                                                                    "
"                                                                                                    "
"                                                                                                    "
"                                                                                                    "
"                                                                                                    "
"                                                                                                    "
"                                                                                                    "
"                                                                                                    "
