---
source: crates/jekko-tui/tests/inline_snapshots.rs
expression: out
---
 / commands  (0/5)
   (no matches)


────────────────────────────────────────────────────────────────────────────────
› /zzz
────────────────────────────────────────────────────────────────────────────────
 ↑/↓ select  ⏎ run  ⇥ complete  Esc close
