---
source: crates/jekko-tui/tests/session_route_snapshots.rs
expression: out
---
"                                                                              │Test Session                             "
"                                                                              │sess_online                              "
"                                                                              │                                         "
"                                                                              │● daemon online                          "
"                                                                              │                                         "
"                                                                              │                                         "
"                                                                              │                                         "
"                                                                              │                                         "
"                                                                              │                                         "
"                                                                              │                                         "
"                                                                              │                                         "
"                                                                              │                                         "
"                                                                              │                                         "
"                                                                              │                                         "
"                                                                              │                                         "
"                                                                              │                                         "
"                                                                              │                                         "
"                                                                              │                                         "
"                                                                              │                                         "
"                                                                              │                                         "
"                                                                              │                                         "
"                                                                              │                                         "
"                                                                              │                                         "
"                                                                              │                                         "
"──────────────────────────────────────────────────────────────────────────────│                                         "
" > Awaiting Prompt widget (packet H)                                          │                                         "
"submit · ctrl+c clear · esc back                                              │                                         "
"                                                                              │                                         "
"                                                                              │                                         "
"submit · ctrl+c clear · esc back                                              │                                         "
