---
source: crates/jekko-tui/tests/session_route_snapshots.rs
expression: out
---
"> you                                                                         │Paris Session                            "
"  What is the capital of France?                                              │sess_paris                               "
"◆ Jekko · mock                                                                │                                         "
"  The capital of France is Paris.                                             │● daemon online                          "
"                                                                              │                                         "
"                                                                              │                                         "
"                                                                              │                                         "
"                                                                              │                                         "
"                                                                              │                                         "
"                                                                              │                                         "
"                                                                              │                                         "
"                                                                              │                                         "
"                                                                              │                                         "
"                                                                              │                                         "
"                                                                              │                                         "
"                                                                              │                                         "
"                                                                              │                                         "
"                                                                              │                                         "
"                                                                              │                                         "
"                                                                              │                                         "
"                                                                              │                                         "
"                                                                              │                                         "
"                                                                              │                                         "
"                                                                              │                                         "
"──────────────────────────────────────────────────────────────────────────────│                                         "
" > Awaiting Prompt widget (packet H)                                          │                                         "
"submit · ctrl+c clear · esc back                                              │                                         "
"                                                                              │                                         "
"                                                                              │                                         "
"submit · ctrl+c clear · esc back                                              │                                         "
