---
source: crates/jekko-tui/tests/session_route_snapshots.rs
expression: out
---
" • Session started                                                                                                      "
"                                                                                                                        "
"> you                                                                                                                   "
"  Run tests.                                                                                                            "
" △ Token budget at 80%                                                                                                  "
"                                                                                                                        "
"◆ Jekko                                                                                                                 "
"  Running cargo test...                                                                                                 "
"                                                                                                                        "
"                                                                                                                        "
"                                                                                                                        "
"                                                                                                                        "
"                                                                                                                        "
"                                                                                                                        "
"                                                                                                                        "
"                                                                                                                        "
"                                                                                                                        "
"                                                                                                                        "
"                                                                                                                        "
"                                                                                                                        "
"                                                                                                                        "
"                                                                                                                        "
"                                                                                                                        "
"                                                                                                                        "
"────────────────────────────────────────────────────────────────────────────────────────────────────────────────────────"
" > Awaiting Prompt widget (packet H)                                                                                    "
"submit · ctrl+c clear · esc back                                                                                        "
"                                                                                                                        "
"                                                                                                                        "
"submit · ctrl+c clear · esc back                                                                                        "
