---
source: crates/jekko-tui/tests/session_route_snapshots.rs
expression: out
---
"> you                                                                                                                   "
"  What is the capital of France?                                                                                        "
"◆ Jekko · mock                                                                                                          "
"  The capital of France is Paris.                                                                                       "
"                                                                                                                        "
"                                                                                                                        "
"                                                                                                                        "
"                                                                                                                        "
"                                                                                                                        "
"                                                                                                                        "
"                                                                                                                        "
"                                                                                                                        "
"                                                                                                                        "
"                                                                                                                        "
"                                                                                                                        "
"                                                                                                                        "
"                                                                                                                        "
"                                                                                                                        "
"                                                                                                                        "
"                                                                                                                        "
"                                                                                                                        "
"                                                                                                                        "
"                                                                                                                        "
"                                                                                                                        "
"────────────────────────────────────────────────────────────────────────────────────────────────────────────────────────"
" > Awaiting Prompt widget (packet H)                                                                                    "
"submit · ctrl+c clear · esc back                                                                                        "
"                                                                                                                        "
"                                                                                                                        "
"submit · ctrl+c clear · esc back                                                                                        "
