---
source: crates/jekko-tui/tests/shell_route_snapshots.rs
expression: out
---
"──────────────────────────────────────────────────────────                          ╭ History ─────────────────────────╮"
"▀▀▀▀▀▀██▀▀  ██▀▀▀▀▀▀▀▀  ██    ▄▄▀▀  ██    ▄▄▀▀  ▄▄▀▀▀▀▀▀▄▄                          │ No saved sessions yet.           │"
"      ██    ██▄▄▄▄▄▄    ██▄▄▀▀      ██▄▄▀▀      ██      ██                          │                                  │"
"▄▄    ██    ██          ██  ▀▀▄▄    ██  ▀▀▄▄    ██      ██                          │ Start a session to populate this │"
"  ▀▀▀▀      ▀▀▀▀▀▀▀▀▀▀  ▀▀      ▀▀  ▀▀      ▀▀    ▀▀▀▀▀▀                            │ list.                            │"
"                                                                                    │                                  │"
"                                                                                    │                                  │"
"Press Enter to engage                                                               │                                  │"
"Type and press Enter to send                                                        │                                  │"
"                                                                                    │                                  │"
"                                                                                    │                                  │"
"                                                                                    │                                  │"
"                                                                                    │                                  │"
"                                                                                    │                                  │"
"                                                                                    │                                  │"
"                                                                                    │                                  │"
"                                                                                    │                                  │"
"                                                                                    │                                  │"
"                                                                                    │                                  │"
"                                                                                    │                                  │"
"                                                                                    │                                  │"
"                                                                                    │                                  │"
"                                                                                    │                                  │"
"                                                                                    │                                  │"
"                                                                                    │                                  │"
"                                                                                    ╰──────────────────────────────────╯"
"                                                                                                                        "
"                                                                                                                        "
"                                                                                                                        "
"                                                                                                                        "
