---
source: crates/jekko-tui/tests/shell_route_snapshots.rs
expression: out
---
"╭ Reasoning ──────────────────────────────────────────────────────────────────────╮ ╭ Fusion ──────────────────────────╮"
"│ > you                                                                           │ │ Models    0 / 0                  │"
"│   What is the meaning of life?                                                  │ │ Agents    0 / 0                  │"
"│                                                                                 │ │ Calls           0                │"
"│                                                                                 │ │                                  │"
"│                                                                                 │ │ [1] Board  [2] Speed  [3] Vault  │"
"│                                                                                 │ │ [4] Limits  [5] Feed  [6] Agents │"
"│                                                                                 │ │ sort: latest                     │"
"│                                                                                 │ │ No runs yet.                     │"
"│                                                                                 │ │                                  │"
"│                                                                                 │ │                                  │"
"│                                                                                 │ │                                  │"
"│                                                                                 │ │                                  │"
"│                                                                                 │ │                                  │"
"│                                                                                 │ │                                  │"
"│                                                                                 │ │                                  │"
"│                                                                                 │ │                                  │"
"│                                                                                 │ │                                  │"
"│                                                                                 │ │                                  │"
"│                                                                                 │ │                                  │"
"│                                                                                 │ │                                  │"
"│                                                                                 │ │                                  │"
"│                                                                                 │ │                                  │"
"│                                                                                 │ │                                  │"
"│                                                                                 │ │ 1-6 tabs  j/k nav  Enter detail  │"
"╰ idle ───────────────────────────────────────────────────────────────────────────╯ ╰ Loading... ──────────────────────╯"
"                                                                                                                        "
"                                                                                                                        "
"                                                                                                                        "
"                                                                                                                        "
